07:40 p. m. 15/10/2020Silvia@LAPTOP-UME302AM MINGW64 /c
$ sudo
bash: sudo: command not found

Silvia@LAPTOP-UME302AM MINGW64 /c
$ cd /c/Users/Silvia/Cursos-Platzi

Silvia@LAPTOP-UME302AM MINGW64 ~/Cursos-Platzi
$ ls

Silvia@LAPTOP-UME302AM MINGW64 ~/Cursos-Platzi
$ ls -al
total 12
drwxr-xr-x 1 Silvia 197121 0 oct. 15 18:43 ./
drwxr-xr-x 1 Silvia 197121 0 oct. 15 18:44 ../

Silvia@LAPTOP-UME302AM MINGW64 ~/Cursos-Platzi
$ ls -l
total 0

Silvia@LAPTOP-UME302AM MINGW64 ~/Cursos-Platzi
$ ls -a
./  ../

Silvia@LAPTOP-UME302AM MINGW64 ~/Cursos-Platzi
$ cd /user
bash: cd: /user: No such file or directory

Silvia@LAPTOP-UME302AM MINGW64 ~/Cursos-Platzi
$ cd user
bash: cd: user: No such file or directory

Silvia@LAPTOP-UME302AM MINGW64 ~/Cursos-Platzi
$ cd ..

Silvia@LAPTOP-UME302AM MINGW64 ~
$ cd /c/Users/Silvia/Cursos-Platzi

Silvia@LAPTOP-UME302AM MINGW64 ~/Cursos-Platzi
$ CD ..
bash: CD: command not found

Silvia@LAPTOP-UME302AM MINGW64 ~/Cursos-Platzi
$ cd..
bash: cd..: command not found

Silvia@LAPTOP-UME302AM MINGW64 ~/Cursos-Platzi
$ cd /

Silvia@LAPTOP-UME302AM MINGW64 /
$ ls
bin/  etc/           LICENSE.txt  ReleaseNotes.html  unins000.exe*
cmd/  git-bash.exe*  mingw64/     tmp/               unins000.msg
dev/  git-cmd.exe*   proc/        unins000.dat       usr/

Silvia@LAPTOP-UME302AM MINGW64 /
$ pdw
bash: pdw: command not found

Silvia@LAPTOP-UME302AM MINGW64 /
$ pwd
/

Silvia@LAPTOP-UME302AM MINGW64 /
$ cd /c/Users/Silvia/Cursos-Platzi

Silvia@LAPTOP-UME302AM MINGW64 ~/Cursos-Platzi
$ mkdir proyecto1

Silvia@LAPTOP-UME302AM MINGW64 ~/Cursos-Platzi
$ dir
proyecto1

Silvia@LAPTOP-UME302AM MINGW64 ~/Cursos-Platzi
$ ^C

Silvia@LAPTOP-UME302AM MINGW64 ~/Cursos-Platzi
$ cd /d/Proyectos/Cursos-Platzi

Silvia@LAPTOP-UME302AM MINGW64 /d/Proyectos/Cursos-Platzi
$ touch vacio.txt

Silvia@LAPTOP-UME302AM MINGW64 /d/Proyectos/Cursos-Platzi
$ cat vacio.txt

Silvia@LAPTOP-UME302AM MINGW64 /d/Proyectos/Cursos-Platzi
$ touch vacio1.txt

Silvia@LAPTOP-UME302AM MINGW64 /d/Proyectos/Cursos-Platzi
$ rm vacio1.txt

Silvia@LAPTOP-UME302AM MINGW64 /d/Proyectos/Cursos-Platzi
$ rm --help
Usage: rm [OPTION]... [FILE]...
Remove (unlink) the FILE(s).

  -f, --force           ignore nonexistent files and arguments, never prompt
  -i                    prompt before every removal
  -I                    prompt once before removing more than three files, or
                          when removing recursively; less intrusive than -i,
                          while still giving protection against most mistakes
      --interactive[=WHEN]  prompt according to WHEN: never, once (-I), or
                          always (-i); without WHEN, prompt always
      --one-file-system  when removing a hierarchy recursively, skip any
                          directory that is on a file system different from
                          that of the corresponding command line argument
      --no-preserve-root  do not treat '/' specially
      --preserve-root[=all]  do not remove '/' (default);
                              with 'all', reject any command line argument
                              on a separate device from its parent
  -r, -R, --recursive   remove directories and their contents recursively
  -d, --dir             remove empty directories
  -v, --verbose         explain what is being done
      --help     display this help and exit
      --version  output version information and exit

By default, rm does not remove directories.  Use the --recursive (-r or -R)
option to remove each listed directory, too, along with all of its contents.

To remove a file whose name starts with a '-', for example '-foo',
use one of these commands:
  rm -- -foo

  rm ./-foo

Note that if you use rm to remove a file, it might be possible to recover
some of its contents, given sufficient expertise and/or time.  For greater
assurance that the contents are truly unrecoverable, consider using shred.

GNU coreutils online help: <https://www.gnu.org/software/coreutils/>
Report any translation bugs to <https://translationproject.org/team/>
Full documentation <https://www.gnu.org/software/coreutils/rm>
or available locally via: info '(coreutils) rm invocation'

Silvia@LAPTOP-UME302AM MINGW64 /d/Proyectos/Cursos-Platzi
$ mkdir proyecto1

Silvia@LAPTOP-UME302AM MINGW64 /d/Proyectos/Cursos-Platzi
$ touch historia.txt

Silvia@LAPTOP-UME302AM MINGW64 /d/Proyectos/Cursos-Platzi
$ cd proyecto1

Silvia@LAPTOP-UME302AM MINGW64 /d/Proyectos/Cursos-Platzi/proyecto1
$ touch historia.txt

Silvia@LAPTOP-UME302AM MINGW64 /d/Proyectos/Cursos-Platzi/proyecto1
$ gif inif
bash: gif: command not found

Silvia@LAPTOP-UME302AM MINGW64 /d/Proyectos/Cursos-Platzi/proyecto1
$ gif ini
bash: gif: command not found

Silvia@LAPTOP-UME302AM MINGW64 /d/Proyectos/Cursos-Platzi/proyecto1
$ pwd
/d/Proyectos/Cursos-Platzi/proyecto1

Silvia@LAPTOP-UME302AM MINGW64 /d/Proyectos/Cursos-Platzi/proyecto1
$ git init
Initialized empty Git repository in D:/Proyectos/Cursos-Platzi/proyecto1/.git/

Silvia@LAPTOP-UME302AM MINGW64 /d/Proyectos/Cursos-Platzi/proyecto1 (master)
$ ls -al
total 4
drwxr-xr-x 1 Silvia 197121 0 oct. 15 19:04 ./
drwxr-xr-x 1 Silvia 197121 0 oct. 15 18:55 ../
drwxr-xr-x 1 Silvia 197121 0 oct. 15 19:04 .git/
-rw-r--r-- 1 Silvia 197121 0 oct. 15 18:55 historia.txt

Silvia@LAPTOP-UME302AM MINGW64 /d/Proyectos/Cursos-Platzi/proyecto1 (master)
$ code

Silvia@LAPTOP-UME302AM MINGW64 /d/Proyectos/Cursos-Platzi/proyecto1 (master)
$ git add historia.txt

Silvia@LAPTOP-UME302AM MINGW64 /d/Proyectos/Cursos-Platzi/proyecto1 (master)
$ git rm historia.txt
error: the following file has changes staged in the index:
    historia.txt
(use --cached to keep the file, or -f to force removal)

Silvia@LAPTOP-UME302AM MINGW64 /d/Proyectos/Cursos-Platzi/proyecto1 (master)
$ git status
On branch master

No commits yet

Changes to be committed:
  (use "git rm --cached <file>..." to unstage)
        new file:   historia.txt


Silvia@LAPTOP-UME302AM MINGW64 /d/Proyectos/Cursos-Platzi/proyecto1 (master)
$ git add historia.txt

Silvia@LAPTOP-UME302AM MINGW64 /d/Proyectos/Cursos-Platzi/proyecto1 (master)
$ git status
On branch master

No commits yet

Changes to be committed:
  (use "git rm --cached <file>..." to unstage)
        new file:   historia.txt


Silvia@LAPTOP-UME302AM MINGW64 /d/Proyectos/Cursos-Platzi/proyecto1 (master)
$ git commit -m "este es el primer comit de este archivo"

*** Please tell me who you are.

Run

  git config --global user.email "you@example.com"
  git config --global user.name "Your Name"

to set your account's default identity.
Omit --global to set the identity only in this repository.

fatal: unable to auto-detect email address (got 'Silvia@LAPTOP-UME302AM.(none)')

Silvia@LAPTOP-UME302AM MINGW64 /d/Proyectos/Cursos-Platzi/proyecto1 (master)
$ git config
usage: git config [<options>]

Config file location
    --global              use global config file
    --system              use system config file
    --local               use repository config file
    --worktree            use per-worktree config file
    -f, --file <file>     use given config file
    --blob <blob-id>      read config from given blob object

Action
    --get                 get value: name [value-regex]
    --get-all             get all values: key [value-regex]
    --get-regexp          get values for regexp: name-regex [value-regex]
    --get-urlmatch        get value specific for the URL: section[.var] URL
    --replace-all         replace all matching variables: name value [value_regex]
    --add                 add a new variable: name value
    --unset               remove a variable: name [value-regex]
    --unset-all           remove all matches: name [value-regex]
    --rename-section      rename section: old-name new-name
    --remove-section      remove a section: name
    -l, --list            list all
    -e, --edit            open an editor
    --get-color           find the color configured: slot [default]
    --get-colorbool       find the color setting: slot [stdout-is-tty]

Type
    -t, --type <>         value is given this type
    --bool                value is "true" or "false"
    --int                 value is decimal number
    --bool-or-int         value is --bool or --int
    --path                value is a path (file or directory name)
    --expiry-date         value is an expiry date

Other
    -z, --null            terminate values with NUL byte
    --name-only           show variable names only
    --includes            respect include directives on lookup
    --show-origin         show origin of config (file, standard input, blob, command line)
    --show-scope          show scope of config (worktree, local, global, system, command)
    --default <value>     with --get, use default value when missing entry


Silvia@LAPTOP-UME302AM MINGW64 /d/Proyectos/Cursos-Platzi/proyecto1 (master)
$ git config --list
diff.astextplain.textconv=astextplain
filter.lfs.clean=git-lfs clean -- %f
filter.lfs.smudge=git-lfs smudge -- %f
filter.lfs.process=git-lfs filter-process
filter.lfs.required=true
http.sslbackend=openssl
http.sslcainfo=C:/Program Files/Git/mingw64/ssl/certs/ca-bundle.crt
core.autocrlf=true
core.fscache=true
core.symlinks=false
pull.rebase=false
core.repositoryformatversion=0
core.filemode=false
core.bare=false
core.logallrefupdates=true
core.symlinks=false
core.ignorecase=true

Silvia@LAPTOP-UME302AM MINGW64 /d/Proyectos/Cursos-Platzi/proyecto1 (master)
$ git config --list --show-origin
file:C:/Program Files/Git/etc/gitconfig diff.astextplain.textconv=astextplain
file:C:/Program Files/Git/etc/gitconfig filter.lfs.clean=git-lfs clean -- %f
file:C:/Program Files/Git/etc/gitconfig filter.lfs.smudge=git-lfs smudge -- %f
file:C:/Program Files/Git/etc/gitconfig filter.lfs.process=git-lfs filter-process
file:C:/Program Files/Git/etc/gitconfig filter.lfs.required=true
file:C:/Program Files/Git/etc/gitconfig http.sslbackend=openssl
file:C:/Program Files/Git/etc/gitconfig http.sslcainfo=C:/Program Files/Git/mingw64/ssl/certs/ca-bundle.crt
file:C:/Program Files/Git/etc/gitconfig core.autocrlf=true
file:C:/Program Files/Git/etc/gitconfig core.fscache=true
file:C:/Program Files/Git/etc/gitconfig core.symlinks=false
file:C:/Program Files/Git/etc/gitconfig pull.rebase=false
file:.git/config        core.repositoryformatversion=0
file:.git/config        core.filemode=false
file:.git/config        core.bare=false
file:.git/config        core.logallrefupdates=true
file:.git/config        core.symlinks=false
file:.git/config        core.ignorecase=true

Silvia@LAPTOP-UME302AM MINGW64 /d/Proyectos/Cursos-Platzi/proyecto1 (master)
$ git config --global user.name "Silvia Hdez A"

Silvia@LAPTOP-UME302AM MINGW64 /d/Proyectos/Cursos-Platzi/proyecto1 (master)
$ git config --global user.email "silha1@hotmail.com"

Silvia@LAPTOP-UME302AM MINGW64 /d/Proyectos/Cursos-Platzi/proyecto1 (master)
$ git commit -m "este es el primer comit de este archivo"
[master (root-commit) 28a0667] este es el primer comit de este archivo
 1 file changed, 0 insertions(+), 0 deletions(-)
 create mode 100644 historia.txt

Silvia@LAPTOP-UME302AM MINGW64 /d/Proyectos/Cursos-Platzi/proyecto1 (master)
$ code historia.txt

Silvia@LAPTOP-UME302AM MINGW64 /d/Proyectos/Cursos-Platzi/proyecto1 (master)
$ git status
On branch master
Changes not staged for commit:
  (use "git add <file>..." to update what will be committed)
  (use "git restore <file>..." to discard changes in working directory)
        modified:   historia.txt

no changes added to commit (use "git add" and/or "git commit -a")

Silvia@LAPTOP-UME302AM MINGW64 /d/Proyectos/Cursos-Platzi/proyecto1 (master)
$ git add historia.txt

Silvia@LAPTOP-UME302AM MINGW64 /d/Proyectos/Cursos-Platzi/proyecto1 (master)
$ git status
On branch master
Changes to be committed:
  (use "git restore --staged <file>..." to unstage)
        modified:   historia.txt


Silvia@LAPTOP-UME302AM MINGW64 /d/Proyectos/Cursos-Platzi/proyecto1 (master)
$ git commit -m "este es el segundo comit"
[master 6b0eeac] este es el segundo comit
 1 file changed, 1 insertion(+)

Silvia@LAPTOP-UME302AM MINGW64 /d/Proyectos/Cursos-Platzi/proyecto1 (master)
$ git status
On branch master
nothing to commit, working tree clean

Silvia@LAPTOP-UME302AM MINGW64 /d/Proyectos/Cursos-Platzi/proyecto1 (master)
$ git add historia.txt

Silvia@LAPTOP-UME302AM MINGW64 /d/Proyectos/Cursos-Platzi/proyecto1 (master)
$ git commit -m "este es el segundo comit"
On branch master
nothing to commit, working tree clean

Silvia@LAPTOP-UME302AM MINGW64 /d/Proyectos/Cursos-Platzi/proyecto1 (master)
$ git show historia.txt
commit 6b0eeac972ec92ca82c409a09a4224dc34ce4815 (HEAD -> master)
Author: Silvia Hdez A <silha1@hotmail.com>
Date:   Thu Oct 15 19:13:52 2020 -0500

    este es el segundo comit

diff --git a/historia.txt b/historia.txt
index e69de29..04f2a62 100644
--- a/historia.txt
+++ b/historia.txt
@@ -0,0 +1 @@
+no tenia datos
\ No newline at end of file

Silvia@LAPTOP-UME302AM MINGW64 /d/Proyectos/Cursos-Platzi/proyecto1 (master)
$ code historia.txt

Silvia@LAPTOP-UME302AM MINGW64 /d/Proyectos/Cursos-Platzi/proyecto1 (master)
$ git add historia.txt

Silvia@LAPTOP-UME302AM MINGW64 /d/Proyectos/Cursos-Platzi/proyecto1 (master)
$ git commit -m "este es es el tercer comit"
[master aeed710] este es es el tercer comit
 1 file changed, 3 insertions(+), 1 deletion(-)

Silvia@LAPTOP-UME302AM MINGW64 /d/Proyectos/Cursos-Platzi/proyecto1 (master)
$ git add historia.txt

Silvia@LAPTOP-UME302AM MINGW64 /d/Proyectos/Cursos-Platzi/proyecto1 (master)
$ git commit
[master d2e8884] te es el 4  es editor de texto y se sale con sacape shipt  zetz zeta sddfsddfsdfsdffsdff   cotcontrol
 1 file changed, 5 insertions(+), 1 deletion(-)

Silvia@LAPTOP-UME302AM MINGW64 /d/Proyectos/Cursos-Platzi/proyecto1 (master)
$ git show historia.txt
commit d2e8884f9172dc4b94fdd8bf17dbf15f90fdec06 (HEAD -> master)
Author: Silvia Hdez A <silha1@hotmail.com>
Date:   Thu Oct 15 19:19:08 2020 -0500
commit d2e8884f9172dc4b94fdd8bf17dbf15f90fdec06 (HEAD -> master)
Author: Silvia Hdez A <silha1@hotmail.com>
Date:   Thu Oct 15 19:19:08 2020 -0500

    te es el 4  es editor de texto y se sale con
    sacape shipt  zetz zeta
    sddfsddfsdfsdffsdff
      cotcontrol

      Please enter the commit message for your changes. Lines starting

diff --git a/historia.txt b/historia.txt
index 05ff848..34d900c 100644
--- a/historia.txt
+++ b/historia.txt
@@ -1,3 +1,7 @@
 no tenia datos

-dioos
\ No newline at end of file
+dioos
+
+
+
+yaaaaaaaaaaaaaaaaaaaaaaaaaaaaa
\ No newline at end of file

Silvia@LAPTOP-UME302AM MINGW64 /d/Proyectos/Cursos-Platzi/proyecto1 (master)
$ git show historia.txt
commit d2e8884f9172dc4b94fdd8bf17dbf15f90fdec06 (HEAD -> master)
Author: Silvia Hdez A <silha1@hotmail.com>
Date:   Thu Oct 15 19:19:08 2020 -0500

    te es el 4  es editor de texto y se sale con
    sacape shipt  zetz zeta
    sddfsddfsdfsdffsdff
      cotcontrol

      Please enter the commit message for your changes. Lines starting

diff --git a/historia.txt b/historia.txt
index 05ff848..34d900c 100644
--- a/historia.txt
+++ b/historia.txt
@@ -1,3 +1,7 @@
 no tenia datos

-dioos
\ No newline at end of file
+dioos
+
+

Silvia@LAPTOP-UME302AM MINGW64 /d/Proyectos/Cursos-Platzi/proyecto1 (master)
$ gif diff
bash: gif: command not found

Silvia@LAPTOP-UME302AM MINGW64 /d/Proyectos/Cursos-Platzi/proyecto1 (master)
$ gif diff ^C

Silvia@LAPTOP-UME302AM MINGW64 /d/Proyectos/Cursos-Platzi/proyecto1 (master)
$ gif diff  d2e8884f9172dc4b94fdd8bf17dbf15f90fdec06  d2e8884f9172dc4b94fdd8bf17dbf15f90fdec06
bash: gif: command not found

Silvia@LAPTOP-UME302AM MINGW64 /d/Proyectos/Cursos-Platzi/proyecto1 (master)
$ gif reset  d2e8884f9172dc4b94fdd8bf17dbf15f90fdec06  --soft
bash: gif: command not found

Silvia@LAPTOP-UME302AM MINGW64 /d/Proyectos/Cursos-Platzi/proyecto1 (master)
$ gif reset  d2e8884f9172dc4b94fdd8bf17dbf15f90fdec06  --hard
bash: gif: command not found

Silvia@LAPTOP-UME302AM MINGW64 /d/Proyectos/Cursos-Platzi/proyecto1 (master)
$ git log
commit d2e8884f9172dc4b94fdd8bf17dbf15f90fdec06 (HEAD -> master)
Author: Silvia Hdez A <silha1@hotmail.com>
Date:   Thu Oct 15 19:19:08 2020 -0500

    te es el 4  es editor de texto y se sale con
    sacape shipt  zetz zeta
    sddfsddfsdfsdffsdff
      cotcontrol

      Please enter the commit message for your changes. Lines starting

commit aeed710fea2badf2e2f9ebff97b441cb30d5b7a7
Author: Silvia Hdez A <silha1@hotmail.com>
Date:   Thu Oct 15 19:18:10 2020 -0500

    este es es el tercer comit

commit 6b0eeac972ec92ca82c409a09a4224dc34ce4815
Author: Silvia Hdez A <silha1@hotmail.com>
Date:   Thu Oct 15 19:13:52 2020 -0500

    este es el segundo comit

commit 28a0667f20e4d54353f046f36d0fefa5084a45fe
Author: Silvia Hdez A <silha1@hotmail.com>
Date:   Thu Oct 15 19:12:08 2020 -0500

    este es el primer comit de este archivo

Silvia@LAPTOP-UME302AM MINGW64 /d/Proyectos/Cursos-Platzi/proyecto1 (master)
$ git status
On branch master
Changes not staged for commit:
  (use "git add <file>..." to update what will be committed)
  (use "git restore <file>..." to discard changes in working directory)
        modified:   historia.txt

Untracked files:
  (use "git add <file>..." to include in what will be committed)
        blockpos.html

no changes added to commit (use "git add" and/or "git commit -a")

Silvia@LAPTOP-UME302AM MINGW64 /d/Proyectos/Cursos-Platzi/proyecto1 (master)
$ git add .

Silvia@LAPTOP-UME302AM MINGW64 /d/Proyectos/Cursos-Platzi/proyecto1 (master)
$ git add .

Silvia@LAPTOP-UME302AM MINGW64 /d/Proyectos/Cursos-Platzi/proyecto1 (master)
$ git status
On branch master
Changes to be committed:
  (use "git restore --staged <file>..." to unstage)
        new file:   blockpos.html
        new file:   estilo.css
        modified:   historia.txt


Silvia@LAPTOP-UME302AM MINGW64 /d/Proyectos/Cursos-Platzi/proyecto1 (master)
$ git commit -m "con estilos"
[master bd85044] con estilos
 3 files changed, 14 insertions(+), 1 deletion(-)
 create mode 100644 blockpos.html
 create mode 100644 estilo.css

Silvia@LAPTOP-UME302AM MINGW64 /d/Proyectos/Cursos-Platzi/proyecto1 (master)
$ git log
commit bd85044085426cf34aed14c38f5f2f5c6ede3b43 (HEAD -> master)
Author: Silvia Hdez A <silha1@hotmail.com>
Date:   Thu Oct 15 19:32:10 2020 -0500

    con estilos

commit d2e8884f9172dc4b94fdd8bf17dbf15f90fdec06
Author: Silvia Hdez A <silha1@hotmail.com>
Date:   Thu Oct 15 19:19:08 2020 -0500

    te es el 4  es editor de texto y se sale con
    sacape shipt  zetz zeta
    sddfsddfsdfsdffsdff
      cotcontrol

      Please enter the commit message for your changes. Lines starting

commit aeed710fea2badf2e2f9ebff97b441cb30d5b7a7
Author: Silvia Hdez A <silha1@hotmail.com>
Date:   Thu Oct 15 19:18:10 2020 -0500

    este es es el tercer comit

commit 6b0eeac972ec92ca82c409a09a4224dc34ce4815
Author: Silvia Hdez A <silha1@hotmail.com>
Date:   Thu Oct 15 19:13:52 2020 -0500

    este es el segundo comit

commit 28a0667f20e4d54353f046f36d0fefa5084a45fe
Author: Silvia Hdez A <silha1@hotmail.com>
Date:   Thu Oct 15 19:12:08 2020 -0500

    este es el primer comit de este archivo

Silvia@LAPTOP-UME302AM MINGW64 /d/Proyectos/Cursos-Platzi/proyecto1 (master)
$ git add .

Silvia@LAPTOP-UME302AM MINGW64 /d/Proyectos/Cursos-Platzi/proyecto1 (master)
$ git commit -m "con estilos cambie historia"
[master b73fed0] con estilos cambie historia
 1 file changed, 3 insertions(+), 1 deletion(-)

Silvia@LAPTOP-UME302AM MINGW64 /d/Proyectos/Cursos-Platzi/proyecto1 (master)
$ git log
commit b73fed0273db8cbd62ef378dd387933940985d77 (HEAD -> master)
Author: Silvia Hdez A <silha1@hotmail.com>
Date:   Thu Oct 15 19:33:01 2020 -0500

    con estilos cambie historia

commit bd85044085426cf34aed14c38f5f2f5c6ede3b43
Author: Silvia Hdez A <silha1@hotmail.com>
Date:   Thu Oct 15 19:32:10 2020 -0500

    con estilos

commit d2e8884f9172dc4b94fdd8bf17dbf15f90fdec06
Author: Silvia Hdez A <silha1@hotmail.com>
Date:   Thu Oct 15 19:19:08 2020 -0500

    te es el 4  es editor de texto y se sale con
    sacape shipt  zetz zeta
    sddfsddfsdfsdffsdff
      cotcontrol

      Please enter the commit message for your changes. Lines starting

commit aeed710fea2badf2e2f9ebff97b441cb30d5b7a7
Author: Silvia Hdez A <silha1@hotmail.com>
Date:   Thu Oct 15 19:18:10 2020 -0500

    este es es el tercer comit

commit 6b0eeac972ec92ca82c409a09a4224dc34ce4815
Author: Silvia Hdez A <silha1@hotmail.com>
Date:   Thu Oct 15 19:13:52 2020 -0500

    este es el segundo comit

commit 28a0667f20e4d54353f046f36d0fefa5084a45fe
Author: Silvia Hdez A <silha1@hotmail.com>
Date:   Thu Oct 15 19:12:08 2020 -0500

    este es el primer comit de este archivo

Silvia@LAPTOP-UME302AM MINGW64 /d/Proyectos/Cursos-Platzi/proyecto1 (master)
$ git checkout d2e8884f9172dc4b94fdd8bf17dbf15f90fdec06
error: Your local changes to the following files would be overwritten by checkout:
        historia.txt
Please commit your changes or stash them before you switch branches.
Aborting

Silvia@LAPTOP-UME302AM MINGW64 /d/Proyectos/Cursos-Platzi/proyecto1 (master)
$ git checkout master historia.txt
Updated 1 path from 847d695

Silvia@LAPTOP-UME302AM MINGW64 /d/Proyectos/Cursos-Platzi/proyecto1 (master)
$ git status
On branch master
Changes not staged for commit:
  (use "git add <file>..." to update what will be committed)
  (use "git restore <file>..." to discard changes in working directory)
        modified:   historia.txt

no changes added to commit (use "git add" and/or "git commit -a")

Silvia@LAPTOP-UME302AM MINGW64 /d/Proyectos/Cursos-Platzi/proyecto1 (master)
$ git add .

Silvia@LAPTOP-UME302AM MINGW64 /d/Proyectos/Cursos-Platzi/proyecto1 (master)
$ git commit -m "con estilos cambie a la vida laboral"
[master 453ac06] con estilos cambie a la vida laboral
 1 file changed, 4 insertions(+), 1 deletion(-)

Silvia@LAPTOP-UME302AM MINGW64 /d/Proyectos/Cursos-Platzi/proyecto1 (master)
$
